// Jest Snapshot v1, https://goo.gl/fbAQLP

exports[`returns all baseRoutes 1`] = `
Array [
  Object {
    "component": [Function],
    "layout": "main",
    "menu": Object {
      "mobile": true,
    },
    "path": "/features",
    "title": "Feature Toggles",
    "type": "protected",
  },
  Object {
    "component": [Function],
    "layout": "main",
    "menu": Object {
      "advanced": true,
      "mobile": true,
    },
    "path": "/strategies",
    "title": "Strategies",
    "type": "protected",
  },
  Object {
    "component": [Function],
    "layout": "main",
    "menu": Object {
      "adminSettings": true,
    },
    "path": "/history",
    "title": "Event History",
    "type": "protected",
  },
  Object {
    "component": [Function],
    "layout": "main",
    "menu": Object {},
    "path": "/archive",
    "title": "Archived Toggles",
    "type": "protected",
  },
  Object {
    "component": [Function],
    "layout": "main",
    "menu": Object {
      "advanced": true,
      "mobile": true,
    },
    "path": "/applications",
    "title": "Applications",
    "type": "protected",
  },
  Object {
    "component": [Function],
    "flag": "C",
    "layout": "main",
    "menu": Object {
      "advanced": true,
      "mobile": true,
    },
    "path": "/context",
    "title": "Context Fields",
    "type": "protected",
  },
  Object {
    "component": [Function],
    "flag": "P",
    "layout": "main",
    "menu": Object {
      "mobile": true,
    },
    "path": "/projects",
    "title": "Projects",
    "type": "protected",
  },
  Object {
    "component": [Function],
    "layout": "main",
    "menu": Object {
      "advanced": true,
      "mobile": true,
    },
    "path": "/tag-types",
    "title": "Tag types",
    "type": "protected",
  },
  Object {
    "component": [Function],
    "hidden": false,
    "layout": "main",
    "menu": Object {
      "advanced": true,
      "mobile": true,
    },
    "path": "/addons",
    "title": "Addons",
    "type": "protected",
  },
  Object {
    "component": [Function],
    "layout": "main",
    "menu": Object {
      "advanced": true,
      "mobile": true,
    },
    "path": "/reporting",
    "title": "Reporting",
    "type": "protected",
  },
  Object {
    "component": [Function],
    "hidden": false,
    "layout": "main",
    "menu": Object {},
    "path": "/admin",
    "title": "Admin",
    "type": "protected",
  },
]
`;
